---
IFF1: 0
IFF2: 0
IM: 0
halted: 0
mem: {}
name: cb14
registers:
  AF: 45736
  AF_: 0
  BC: 21530
  BC_: 0
  DE: 24775
  DE_: 0
  HL: 63642
  HL_: 0
  I: 0
  IX: 0
  IY: 0
  PC: 2
  R: 2
  SP: 0
