---
IFF1: 0
IFF2: 0
IM: 0
halted: 0
mem: {}
name: cb17
registers:
  AF: 43176
  AF_: 0
  BC: 53392
  BC_: 0
  DE: 62989
  DE_: 0
  HL: 4002
  HL_: 0
  I: 0
  IX: 0
  IY: 0
  PC: 2
  R: 2
  SP: 0
