---
IFF1: 0
IFF2: 0
IM: 0
halted: 0
mem: {}
name: cb21
registers:
  AF: 8877
  AF_: 0
  BC: 23784
  BC_: 0
  DE: 37774
  DE_: 0
  HL: 14248
  HL_: 0
  I: 0
  IX: 0
  IY: 0
  PC: 2
  R: 2
  SP: 0
