---
IFF1: 0
IFF2: 0
IM: 0
halted: 0
mem: {}
name: cb4f
registers:
  AF: 5904
  AF_: 0
  BC: 11713
  BC_: 0
  DE: 44194
  DE_: 0
  HL: 3020
  HL_: 0
  I: 0
  IX: 0
  IY: 0
  PC: 2
  R: 2
  SP: 0
