---
IFF1: 0
IFF2: 0
IM: 0
halted: 0
mem: {}
name: cb68
registers:
  AF: 55132
  AF_: 0
  BC: 3946
  BC_: 0
  DE: 6310
  DE_: 0
  HL: 56786
  HL_: 0
  I: 0
  IX: 0
  IY: 0
  PC: 2
  R: 2
  SP: 0
