---
IFF1: 0
IFF2: 0
IM: 0
halted: 0
mem: {}
name: cb69
registers:
  AF: 55900
  AF_: 0
  BC: 26907
  BC_: 0
  DE: 31865
  DE_: 0
  HL: 7610
  HL_: 0
  I: 0
  IX: 0
  IY: 0
  PC: 2
  R: 2
  SP: 0
