---
IFF1: 0
IFF2: 0
IM: 0
halted: 0
mem: {}
name: cb7f_1
registers:
  AF: 65464
  AF_: 0
  BC: 0
  BC_: 0
  DE: 0
  DE_: 0
  HL: 0
  HL_: 0
  I: 0
  IX: 0
  IY: 0
  PC: 2
  R: 2
  SP: 0
