---
IFF1: 0
IFF2: 0
IM: 0
halted: 0
mem: {}
name: cb88
registers:
  AF: 58112
  AF_: 0
  BC: 34849
  BC_: 0
  DE: 58174
  DE_: 0
  HL: 26445
  HL_: 0
  I: 0
  IX: 0
  IY: 0
  PC: 2
  R: 2
  SP: 0
