---
IFF1: 0
IFF2: 0
IM: 0
halted: 0
mem: {}
name: cb89
registers:
  AF: 24576
  AF_: 0
  BC: 53636
  BC_: 0
  DE: 50614
  DE_: 0
  HL: 7127
  HL_: 0
  I: 0
  IX: 0
  IY: 0
  PC: 2
  R: 2
  SP: 0
