---
IFF1: 0
IFF2: 0
IM: 0
halted: 0
mem: {}
name: cbbb
registers:
  AF: 4608
  AF_: 0
  BC: 63073
  BC_: 0
  DE: 43599
  DE_: 0
  HL: 52016
  HL_: 0
  I: 0
  IX: 0
  IY: 0
  PC: 2
  R: 2
  SP: 0
