---
IFF1: 0
IFF2: 0
IM: 0
halted: 0
mem: {}
name: cbbf
registers:
  AF: 26624
  AF_: 0
  BC: 18501
  BC_: 0
  DE: 26890
  DE_: 0
  HL: 5598
  HL_: 0
  I: 0
  IX: 0
  IY: 0
  PC: 2
  R: 2
  SP: 0
