---
IFF1: 0
IFF2: 0
IM: 0
halted: 0
mem: {}
name: cbd8
registers:
  AF: 35584
  AF_: 0
  BC: 2500
  BC_: 0
  DE: 56819
  DE_: 0
  HL: 28030
  HL_: 0
  I: 0
  IX: 0
  IY: 0
  PC: 2
  R: 2
  SP: 0
