---
IFF1: 0
IFF2: 0
IM: 0
halted: 0
mem: {}
name: cbe3
registers:
  AF: 15104
  AF_: 0
  BC: 53916
  BC_: 0
  DE: 1520
  DE_: 0
  HL: 11896
  HL_: 0
  I: 0
  IX: 0
  IY: 0
  PC: 2
  R: 2
  SP: 0
