---
IFF1: 0
IFF2: 0
IM: 0
halted: 0
mem:
  46587:
    - 181
name: dd36
registers:
  AF: 30428
  AF_: 0
  BC: 9520
  BC_: 0
  DE: 20824
  DE_: 0
  HL: 34685
  HL_: 0
  I: 0
  IX: 46534
  IY: 36156
  PC: 4
  R: 2
  SP: 0
