---
IFF1: 0
IFF2: 0
IM: 0
halted: 0
mem: {}
name: dd9c
registers:
  AF: 53890
  AF_: 0
  BC: 26382
  BC_: 0
  DE: 45004
  DE_: 0
  HL: 35636
  HL_: 0
  I: 0
  IX: 10335
  IY: 7338
  PC: 2
  R: 2
  SP: 0
