---
IFF1: 0
IFF2: 0
IM: 0
halted: 0
mem: {}
name: ddad
registers:
  AF: 33412
  AF_: 0
  BC: 27553
  BC_: 0
  DE: 61211
  DE_: 0
  HL: 22291
  HL_: 0
  I: 0
  IX: 47672
  IY: 42760
  PC: 2
  R: 2
  SP: 0
