---
IFF1: 0
IFF2: 0
IM: 0
halted: 0
mem:
  734:
    - 44
name: ddcb3d
registers:
  AF: 10792
  AF_: 0
  BC: 28270
  BC_: 0
  DE: 53181
  DE_: 0
  HL: 7468
  HL_: 0
  I: 0
  IX: 800
  IY: 27312
  PC: 4
  R: 2
  SP: 0
