---
IFF1: 0
IFF2: 0
IM: 0
halted: 0
mem: {}
name: ddcba6
registers:
  AF: 24134
  AF_: 0
  BC: 47498
  BC_: 0
  DE: 47138
  DE_: 0
  HL: 1226
  HL_: 0
  I: 0
  IX: 44571
  IY: 34608
  PC: 4
  R: 2
  SP: 0
