---
IFF1: 0
IFF2: 0
IM: 0
halted: 0
mem:
  22816:
    - 104
name: ddcbbe
registers:
  AF: 19192
  AF_: 0
  BC: 39333
  BC_: 0
  DE: 55037
  DE_: 0
  HL: 31254
  HL_: 0
  I: 0
  IX: 22739
  IY: 52820
  PC: 4
  R: 2
  SP: 0
