---
IFF1: 0
IFF2: 0
IM: 0
halted: 0
mem: {}
name: ddcb50
registers:
  AF: 13660
  AF_: 0
  BC: 36433
  BC_: 0
  DE: 16492
  DE_: 0
  HL: 11836
  HL_: 0
  I: 0
  IX: 56050
  IY: 16700
  PC: 4
  R: 2
  SP: 0
