---
IFF1: 0
IFF2: 0
IM: 0
halted: 0
mem: {}
name: ddcb64
registers:
  AF: 15416
  AF_: 0
  BC: 58023
  BC_: 0
  DE: 28073
  DE_: 0
  HL: 49990
  HL_: 0
  I: 0
  IX: 60667
  IY: 34230
  PC: 4
  R: 2
  SP: 0
