---
IFF1: 0
IFF2: 0
IM: 0
halted: 0
mem:
  31235:
    - 249
name: ddcb2f
registers:
  AF: 63916
  AF_: 0
  BC: 30107
  BC_: 0
  DE: 12377
  DE_: 0
  HL: 441
  HL_: 0
  I: 0
  IX: 31280
  IY: 56662
  PC: 4
  R: 2
  SP: 0
