---
IFF1: 0
IFF2: 0
IM: 0
halted: 0
mem:
  11616:
    - 138
name: ddcbda
registers:
  AF: 26503
  AF_: 0
  BC: 9895
  BC_: 0
  DE: 35476
  DE_: 0
  HL: 4563
  HL_: 0
  I: 0
  IX: 11638
  IY: 32640
  PC: 4
  R: 2
  SP: 0
