---
IFF1: 0
IFF2: 0
IM: 0
halted: 0
mem: {}
name: ed4d
registers:
  AF: 7149
  AF_: 0
  BC: 50008
  BC_: 0
  DE: 24533
  DE_: 0
  HL: 24723
  HL_: 0
  I: 0
  IX: 0
  IY: 0
  PC: 31747
  R: 2
  SP: 26640
