---
IFF1: 0
IFF2: 0
IM: 0
halted: 0
mem: {}
name: ed54
registers:
  AF: 21267
  AF_: 0
  BC: 22113
  BC_: 0
  DE: 21628
  DE_: 0
  HL: 49954
  HL_: 0
  I: 0
  IX: 0
  IY: 0
  PC: 2
  R: 2
  SP: 55787
