---
IFF1: 0
IFF2: 0
IM: 0
halted: 0
mem: {}
name: ed59
registers:
  AF: 14474
  AF_: 0
  BC: 54546
  BC_: 0
  DE: 60613
  DE_: 0
  HL: 37807
  HL_: 0
  I: 0
  IX: 0
  IY: 0
  PC: 2
  R: 2
  SP: 0
