---
IFF1: 0
IFF2: 0
IM: 0
halted: 0
mem: {}
name: edb9
registers:
  AF: 65291
  AF_: 0
  BC: 0
  BC_: 0
  DE: 41329
  DE_: 0
  HL: 51009
  HL_: 0
  I: 0
  IX: 0
  IY: 0
  PC: 2
  R: 16
  SP: 0
