---
IFF1: 0
IFF2: 0
IM: 0
halted: 0
mem: {}
name: fd45
registers:
  AF: 25941
  AF_: 0
  BC: 30600
  BC_: 0
  DE: 23272
  DE_: 0
  HL: 51528
  HL_: 0
  I: 0
  IX: 55224
  IY: 41335
  PC: 2
  R: 2
  SP: 0
