---
IFF1: 0
IFF2: 0
IM: 0
halted: 0
mem: {}
name: fd85
registers:
  AF: 60328
  AF_: 0
  BC: 7658
  BC_: 0
  DE: 12879
  DE_: 0
  HL: 34023
  HL_: 0
  I: 0
  IX: 59304
  IY: 63385
  PC: 2
  R: 2
  SP: 0
