---
IFF1: 0
IFF2: 0
IM: 0
halted: 0
mem: {}
name: fdad
registers:
  AF: 60584
  AF_: 0
  BC: 9587
  BC_: 0
  DE: 6604
  DE_: 0
  HL: 30971
  HL_: 0
  I: 0
  IX: 21064
  IY: 33681
  PC: 2
  R: 2
  SP: 0
