---
IFF1: 0
IFF2: 0
IM: 0
halted: 0
mem:
  51703:
    - 73
name: fdcbde
registers:
  AF: 33552
  AF_: 0
  BC: 64001
  BC_: 0
  DE: 27753
  DE_: 0
  HL: 9514
  HL_: 0
  I: 0
  IX: 21137
  IY: 51680
  PC: 4
  R: 2
  SP: 0
