---
IFF1: 0
IFF2: 0
IM: 0
halted: 0
mem:
  3113:
    - 137
name: fdcbae
registers:
  AF: 60429
  AF_: 0
  BC: 46462
  BC_: 0
  DE: 6342
  DE_: 0
  HL: 31489
  HL_: 0
  I: 0
  IX: 47814
  IY: 3101
  PC: 4
  R: 2
  SP: 0
