---
IFF1: 0
IFF2: 0
IM: 0
halted: 0
mem:
  19664:
    - 165
name: fdcb19
registers:
  AF: 4517
  AF_: 0
  BC: 49829
  BC_: 0
  DE: 43507
  DE_: 0
  HL: 8212
  HL_: 0
  I: 0
  IX: 28080
  IY: 19758
  PC: 4
  R: 2
  SP: 0
