---
IFF1: 0
IFF2: 0
IM: 0
halted: 0
mem:
  11067:
    - 237
name: fdcbc0
registers:
  AF: 13926
  AF_: 0
  BC: 60780
  BC_: 0
  DE: 13797
  DE_: 0
  HL: 56074
  HL_: 0
  I: 0
  IX: 60051
  IY: 11057
  PC: 4
  R: 2
  SP: 0
