---
IFF1: 0
IFF2: 0
IM: 0
halted: 0
mem: {}
name: fdcbb5
registers:
  AF: 12090
  AF_: 0
  BC: 46857
  BC_: 0
  DE: 16743
  DE_: 0
  HL: 22287
  HL_: 0
  I: 0
  IX: 46403
  IY: 36573
  PC: 4
  R: 2
  SP: 0
