---
IFF1: 0
IFF2: 0
IM: 0
halted: 0
mem: {}
name: fdcb52
registers:
  AF: 35097
  AF_: 0
  BC: 15937
  BC_: 0
  DE: 31412
  DE_: 0
  HL: 14326
  HL_: 0
  I: 0
  IX: 63533
  IY: 35597
  PC: 4
  R: 2
  SP: 0
