---
IFF1: 0
IFF2: 0
IM: 0
halted: 0
mem:
  58693:
    - 60
name: fdcb2d
registers:
  AF: 53292
  AF_: 0
  BC: 13387
  BC_: 0
  DE: 7088
  DE_: 0
  HL: 15932
  HL_: 0
  I: 0
  IX: 65041
  IY: 58598
  PC: 4
  R: 2
  SP: 0
