---
IFF1: 0
IFF2: 0
IM: 0
halted: 0
mem:
  9103:
    - 76
name: fdcb25
registers:
  AF: 38152
  AF_: 0
  BC: 2428
  BC_: 0
  DE: 41793
  DE_: 0
  HL: 35148
  HL_: 0
  I: 0
  IX: 17245
  IY: 9193
  PC: 4
  R: 2
  SP: 0
