---
IFF1: 0
IFF2: 0
IM: 0
halted: 0
mem:
  52000:
    - 84
name: fdcb3a
registers:
  AF: 53248
  AF_: 0
  BC: 12021
  BC_: 0
  DE: 21520
  DE_: 0
  HL: 40101
  HL_: 0
  I: 0
  IX: 45397
  IY: 51971
  PC: 4
  R: 2
  SP: 0
