---
IFF1: 0
IFF2: 0
IM: 0
halted: 0
mem:
  43718:
    - 46
name: fdcb28
registers:
  AF: 16685
  AF_: 0
  BC: 11931
  BC_: 0
  DE: 30533
  DE_: 0
  HL: 30453
  HL_: 0
  I: 0
  IX: 41403
  IY: 43843
  PC: 4
  R: 2
  SP: 0
