---
IFF1: 0
IFF2: 0
IM: 0
halted: 0
mem: {}
name: fdcbb8
registers:
  AF: 53574
  AF_: 0
  BC: 5944
  BC_: 0
  DE: 6725
  DE_: 0
  HL: 33369
  HL_: 0
  I: 0
  IX: 27139
  IY: 53383
  PC: 4
  R: 2
  SP: 0
